[     113ms] [LOG] [Fast Refresh] rebuilding @ webpack-internal:///(app-pages-browser)/./node_modules/next/dist/client/components/react-dev-overlay/app/hot-reloader-client.js:186
[     113ms] [LOG] [Fast Refresh] rebuilding @ webpack-internal:///(app-pages-browser)/./node_modules/next/dist/client/components/react-dev-overlay/app/hot-reloader-client.js:186
[     387ms] [LOG] [Fast Refresh] done in 274ms @ webpack-internal:///(app-pages-browser)/./node_modules/next/dist/client/components/react-dev-overlay/app/hot-reloader-client.js:43
[     802ms] [INFO] %cDownload the React DevTools for a better development experience: https://reactjs.org/link/react-devtools font-weight:bold @ webpack-internal:///(app-pages-browser)/./node_modules/next/dist/compiled/react-dom/cjs/react-dom.development.js:38559
[    1100ms] [ERROR] Failed to load resource: the server responded with a status of 404 () @ https://dzhtpnskezkrtfinntbi.supabase.co/rest/v1/app_settings?select=value&key=eq.currency:0
[    1111ms] [ERROR] Failed to load resource: the server responded with a status of 404 () @ https://dzhtpnskezkrtfinntbi.supabase.co/rest/v1/app_settings?select=value&key=eq.signup_step_icons:0
[    1221ms] [ERROR] Access to fetch at 'https://dzhtpnskezkrtfinntbi.supabase.co/functions/v1/currency-rates' from origin 'http://localhost:3000' has been blocked by CORS policy: Response to preflight request doesn't pass access control check: It does not have HTTP ok status. @ http://localhost:3000/admin/store-editor/signup-icons:0
[    1221ms] [ERROR] Failed to load resource: net::ERR_FAILED @ https://dzhtpnskezkrtfinntbi.supabase.co/functions/v1/currency-rates:0
[    1266ms] [ERROR] Failed to load resource: the server responded with a status of 404 () @ https://dzhtpnskezkrtfinntbi.supabase.co/rest/v1/app_settings?select=value&key=eq.currency:0
[    1274ms] [ERROR] Failed to load resource: the server responded with a status of 404 () @ https://dzhtpnskezkrtfinntbi.supabase.co/rest/v1/app_settings?select=value&key=eq.signup_step_icons:0
[    1388ms] [ERROR] Failed to load resource: the server responded with a status of 404 () @ https://dzhtpnskezkrtfinntbi.supabase.co/rest/v1/currency_rates?select=rates%2Cfetched_at&id=eq.1:0
[    1389ms] [WARNING] [currency] refresh failed, using cached rates TypeError: Failed to fetch
    at eval (webpack-internal:///(app-pages-browser)/./src/lib/currency.tsx:91:31)
    at eval (webpack-internal:///(app-pages-browser)/./src/lib/currency.tsx:127:19) @ webpack-internal:///(app-pages-browser)/./src/lib/currency.tsx:111
[    1389ms] [ERROR] Access to fetch at 'https://dzhtpnskezkrtfinntbi.supabase.co/functions/v1/currency-rates' from origin 'http://localhost:3000' has been blocked by CORS policy: Response to preflight request doesn't pass access control check: It does not have HTTP ok status. @ http://localhost:3000/admin/store-editor/signup-icons:0
[    1389ms] [ERROR] Failed to load resource: net::ERR_FAILED @ https://dzhtpnskezkrtfinntbi.supabase.co/functions/v1/currency-rates:0
[    1564ms] [ERROR] Failed to load resource: the server responded with a status of 404 () @ https://dzhtpnskezkrtfinntbi.supabase.co/rest/v1/currency_rates?select=rates%2Cfetched_at&id=eq.1:0
[    1565ms] [WARNING] [currency] refresh failed, using cached rates TypeError: Failed to fetch
    at eval (webpack-internal:///(app-pages-browser)/./src/lib/currency.tsx:91:31)
    at eval (webpack-internal:///(app-pages-browser)/./src/lib/currency.tsx:127:19) @ webpack-internal:///(app-pages-browser)/./src/lib/currency.tsx:111
